Enter expressions, or q to quit.
30
-20
77
2
24
-26
-73
2
31
-19
150
0
25
-25
0
0
519
509
2562
104
-505
-515
-2558
-100
1029
1019
5120
204
5
-5
0
0
