Enter expressions, or q to quit.
5
-1
5
0
38
28
165
6
10
0
17
2
4
-6
-13
2
11
1
30
1
5
-5
0
0
